· claimed on queue mac-claude — Fix the flaky due-date test in ElkKit
· worktree /Users/x/.rein/work/run-1 on branch rein/run-run-1 from origin/main (abc1234…
· starting
  I'll start by reading the failing test.
▸ Read: ElkKit/Tests/DueDateTests.swift
▸ Bash: swift test --filter DueDate 2>&1 | tail -40
  The assertion compares a formatted date to a literal,
  so it fails whenever the machine is not in UTC.
▸ TodoWrite: (todos)
⚠ permission: git push -u origin rein/run-run-1 — waiting
? Should the fix pin the formatter to UTC, or take the timezone from the fixture?
· idle — waiting
✓ succeeded — Pinned the formatter to UTC and added a regression test.
· submitted ready — Fix the flaky due-date test in ElkKit
· worktree /Users/x/.rein/work/run-1 removed; branch rein/run-run-1 was not
── a1b2c3d4 · mac-claude · submitted 4m12s · 11,400 in / 1,050 out · fake-1 · reaped
── a1b2c3d4 finished submitted after 4m12s — 11,400 in / 1,050 out · fake-1
